Sample1	Sample2	Distance	Mismatches
N_test_1	N_test_2	0.00	0.00000
N_test_1	ambig_test_1	0.00	0.00000
N_test_1	ambig_test_2	0.00	0.00000
N_test_1	test_1	0.00	0.00000
N_test_1	test_2	0.00	0.00000
N_test_2	ambig_test_1	0.00	0.00000
N_test_2	ambig_test_2	0.00	0.00000
N_test_2	test_1	0.00	0.00000
N_test_2	test_2	0.00	0.00000
ambig_test_1	ambig_test_2	0.00	0.00000
ambig_test_1	test_1	0.00	0.00000
ambig_test_1	test_2	0.00	0.00000
ambig_test_2	test_1	0.00	0.00000
ambig_test_2	test_2	0.00	0.00000
test_1	test_2	0.00	0.00000
